2025-06-08 18:16:12.269 [main] INFO  c.m.s.SNMPClientServer - SNMP Client Server started
2025-06-08 18:16:14.181 [pool-1-thread-1] INFO  c.m.snmpclientserver.AlertSender - Health report sent to monitoring server
2025-06-08 18:23:17.290 [main] INFO  c.m.s.SNMPClientServer - SNMP Client Server started
2025-06-08 18:23:19.113 [pool-1-thread-1] INFO  c.m.snmpclientserver.AlertSender - Health report sent to monitoring server
2025-06-08 18:27:03.996 [main] INFO  c.m.s.SNMPClientServer - SNMP Client Server started
2025-06-08 18:27:05.633 [pool-1-thread-1] INFO  c.m.snmpclientserver.AlertSender - Health report sent to monitoring server
2025-06-08 18:35:44.773 [main] INFO  c.m.s.SNMPClientServer - SNMP Client Server started
2025-06-08 18:35:46.422 [pool-1-thread-1] INFO  c.m.snmpclientserver.AlertSender - Health report sent to monitoring server
2025-06-08 18:36:52.088 [main] INFO  c.m.s.SNMPMonitoringServer - Starting SNMP Monitoring Server on port 161
2025-06-08 18:38:10.103 [main] INFO  c.m.s.SNMPClientServer - SNMP Client Server started
2025-06-08 18:38:11.874 [pool-1-thread-1] INFO  c.m.snmpclientserver.AlertSender - Health report sent to monitoring server
2025-06-08 19:27:05.275 [pool-1-thread-1] INFO  c.m.snmpclientserver.AlertSender - Health report sent to monitoring server
2025-06-08 19:35:46.020 [pool-1-thread-1] INFO  c.m.snmpclientserver.AlertSender - Health report sent to monitoring server
2025-06-08 19:38:11.302 [pool-1-thread-1] INFO  c.m.snmpclientserver.AlertSender - Health report sent to monitoring server
2025-06-08 19:52:03.790 [main] INFO  c.m.s.SNMPMonitoringServer - No port specified, using default port: 161
2025-06-08 19:52:03.836 [main] ERROR c.m.s.SNMPMonitoringServer - Failed to start SNMP Monitoring Server
java.net.BindException: Address already in use: bind
	at java.base/sun.nio.ch.Net.bind0(Native Method)
	at java.base/sun.nio.ch.Net.bind(Net.java:565)
	at java.base/sun.nio.ch.DatagramChannelImpl.bindInternal(DatagramChannelImpl.java:1329)
	at java.base/sun.nio.ch.DatagramChannelImpl.bind(DatagramChannelImpl.java:1299)
	at java.base/sun.nio.ch.DatagramSocketAdaptor.bind(DatagramSocketAdaptor.java:108)
	at java.base/java.net.DatagramSocket.createDelegate(DatagramSocket.java:1425)
	at java.base/java.net.DatagramSocket.<init>(DatagramSocket.java:328)
	at java.base/java.net.DatagramSocket.<init>(DatagramSocket.java:387)
	at org.snmp4j.transport.DefaultUdpTransportMapping.<init>(DefaultUdpTransportMapping.java:105)
	at com.mycompany.snmpmonitoringserver.SNMPMonitoringServer.<init>(SNMPMonitoringServer.java:29)
	at com.mycompany.snmpmonitoringserver.SNMPMonitoringServer.main(SNMPMonitoringServer.java:121)
2025-06-08 19:53:55.997 [main] INFO  c.m.s.SNMPMonitoringServer - No port specified, using default port: 161
2025-06-08 19:53:56.198 [main] INFO  c.m.s.SNMPMonitoringServer - Starting SNMP Monitoring Server on port 161
2025-06-08 19:54:38.496 [main] INFO  c.m.s.SNMPClientServer - No arguments specified, using default values.
2025-06-08 19:54:39.496 [main] INFO  c.m.s.SNMPClientServer - SNMP Client Server started
2025-06-08 19:54:42.278 [pool-1-thread-1] INFO  c.m.snmpclientserver.AlertSender - Health report sent to monitoring server
