2025-06-10 00:48:11.582 [main] INFO  c.m.s.SNMPClientServer - No arguments specified, using default values.
2025-06-10 00:48:13.084 [main] INFO  c.m.s.SNMPClientServer - SNMP Client Server started
2025-06-10 00:48:15.001 [pool-2-thread-1] INFO  c.m.snmpclientserver.AlertSender - Health report sent to monitoring server
2025-06-10 00:48:22.815 [main] INFO  c.m.s.SNMPMonitoringServer - No port specified, using default port: 161
2025-06-10 00:48:23.906 [main] INFO  c.m.s.DatabaseManager - Database initialized successfully
2025-06-10 00:48:24.009 [main] INFO  c.m.s.SNMPMonitoringServer - Starting SNMP Monitoring Server on port 161
2025-06-10 01:10:58.786 [main] INFO  c.m.s.SNMPMonitoringServer - No port specified, using default port: 1161
2025-06-10 01:10:59.910 [main] INFO  c.m.s.DatabaseManager - Database initialized successfully
2025-06-10 01:11:00.010 [main] INFO  c.m.s.SNMPMonitoringServer - Starting SNMP Monitoring Server on port 1161
2025-06-10 01:11:17.575 [main] INFO  c.m.s.SNMPClientServer - No arguments specified, using default values.
2025-06-10 01:11:19.130 [main] INFO  c.m.s.SNMPClientServer - SNMP Client Server started
2025-06-10 01:11:21.074 [pool-1-thread-1] INFO  c.m.snmpclientserver.AlertSender - Health report sent to monitoring server
2025-06-10 01:11:21.093 [DefaultUDPTransportMapping_0.0.0.0/1161] INFO  c.m.s.SNMPMonitoringServer - Received health report from BTS-1:
Server: BTS-1 (127.0.0.1:162)
Status: OK
Last Update: 2025-06-10T01:11:21.093277400
CPU Usage: 17.41%
Memory Usage: 74.24%
Disk Status:
  

2025-06-10 01:11:21.135 [DefaultUDPTransportMapping_0.0.0.0/1161] INFO  c.m.s.DatabaseManager - Server report saved to database for server: BTS-1
2025-06-10 01:21:44.916 [main] INFO  c.m.s.SNMPMonitoringServer - No port specified, using default port: 1161
2025-06-10 01:21:46.467 [main] INFO  c.m.s.DatabaseManager - Database initialized successfully
2025-06-10 01:21:46.561 [main] INFO  c.m.s.SNMPMonitoringServer - Starting SNMP Monitoring Server on port 1161
2025-06-10 01:22:02.425 [main] INFO  c.m.s.SNMPClientServer - No arguments specified, using default values.
2025-06-10 01:22:03.792 [main] INFO  c.m.s.SNMPClientServer - SNMP Client Server started
2025-06-10 01:22:06.651 [pool-1-thread-1] INFO  c.m.snmpclientserver.AlertSender - Health report sent to monitoring server
2025-06-10 01:22:06.663 [DefaultUDPTransportMapping_0.0.0.0/1161] INFO  c.m.s.SNMPMonitoringServer - Received health report from BTS-1:
============================================
Server Information:
============================================
Server Name: BTS-1
Server IP: 127.0.0.1
Server Port: 162
Last Update: 2025-06-10 01:22:06

System Status: CLEAR

Resource Usage:
--------------
CPU Usage: 15.88%
Memory Usage: 71.97%

Disk Status:
-----------
  

============================================
2025-06-10 01:22:06.686 [DefaultUDPTransportMapping_0.0.0.0/1161] INFO  c.m.s.DatabaseManager - Server report saved to database for server: BTS-1
2025-06-10 01:25:20.054 [Thread-0] INFO  c.m.s.DatabaseManager - Database connection closed
2025-06-10 01:25:20.054 [Thread-0] INFO  c.m.s.SNMPMonitoringServer - SNMP Monitoring Server stopped
2025-06-10 01:25:20.063 [Thread-1] INFO  c.m.s.SNMPClientServer - SNMP Client Server stopped
2025-06-10 01:35:10.500 [main] INFO  c.m.s.SNMPMonitoringServer - No port specified, using default port: 1161
2025-06-10 01:35:11.489 [main] INFO  c.m.s.DatabaseManager - Database initialized successfully
2025-06-10 01:35:11.600 [main] INFO  c.m.s.SNMPMonitoringServer - Starting SNMP Monitoring Server on port 1161
2025-06-10 01:35:24.730 [main] INFO  c.m.s.SNMPClientServer - No arguments specified, using default values.
2025-06-10 01:35:25.995 [main] INFO  c.m.s.SNMPClientServer - SNMP Client Server started
2025-06-10 01:35:27.819 [pool-1-thread-1] INFO  c.m.snmpclientserver.AlertSender - Health report sent to monitoring server
2025-06-10 01:35:27.831 [DefaultUDPTransportMapping_0.0.0.0/1161] INFO  c.m.s.SNMPMonitoringServer - Received health report from BTS-1:
============================================
Server Information:
============================================
Server Name: BTS-1
Server IP: 127.6.2.1
Server Port: 165
Last Update: 2025-06-10 01:35:27

System Status: CLEAR

Resource Usage:
--------------
CPU Usage: 21.98%
Memory Usage: 71.70%

Disk Status:
-----------
  

============================================
2025-06-10 01:35:27.861 [DefaultUDPTransportMapping_0.0.0.0/1161] INFO  c.m.s.DatabaseManager - Server report saved to database for server: BTS-1
2025-06-10 01:37:38.930 [main] INFO  c.m.s.SNMPClientServer - No arguments specified, using default values.
2025-06-10 01:37:40.017 [main] INFO  c.m.s.SNMPClientServer - SNMP Client Server started
2025-06-10 01:37:41.857 [DefaultUDPTransportMapping_0.0.0.0/1161] INFO  c.m.s.SNMPMonitoringServer - Received health report from BTS-1:
============================================
Server Information:
============================================
Server Name: BTS-1
Server IP: 127.0.0.1
Server Port: 162
Last Update: 2025-06-10 01:37:41

System Status: CLEAR

Resource Usage:
--------------
CPU Usage: 23.66%
Memory Usage: 70.85%

Disk Status:
-----------
  

============================================
2025-06-10 01:37:41.856 [pool-1-thread-1] INFO  c.m.snmpclientserver.AlertSender - Health report sent to monitoring server
2025-06-10 01:37:41.867 [DefaultUDPTransportMapping_0.0.0.0/1161] INFO  c.m.s.DatabaseManager - Server report saved to database for server: BTS-1
2025-06-10 01:38:00.952 [main] INFO  c.m.s.SNMPClientServer - SNMP Client Server started
2025-06-10 01:38:02.718 [DefaultUDPTransportMapping_0.0.0.0/1161] INFO  c.m.s.SNMPMonitoringServer - Received health report from Local-Server:
============================================
Server Information:
============================================
Server Name: Local-Server
Server IP: 192.168.1.7
Server Port: 162
Last Update: 2025-06-10 01:38:02

System Status: CLEAR

Resource Usage:
--------------
CPU Usage: 31.62%
Memory Usage: 71.25%

Disk Status:
-----------
  

============================================
2025-06-10 01:38:02.717 [pool-1-thread-1] INFO  c.m.snmpclientserver.AlertSender - Health report sent to monitoring server
2025-06-10 01:38:02.758 [DefaultUDPTransportMapping_0.0.0.0/1161] INFO  c.m.s.DatabaseManager - Server report saved to database for server: Local-Server
2025-06-10 01:39:47.277 [main] INFO  c.m.s.SNMPClientServer - No arguments specified, using default values.
2025-06-10 01:39:48.620 [main] INFO  c.m.s.SNMPClientServer - SNMP Client Server started
2025-06-10 01:39:50.531 [pool-1-thread-1] INFO  c.m.snmpclientserver.AlertSender - Health report sent to monitoring server
2025-06-10 01:39:50.532 [DefaultUDPTransportMapping_0.0.0.0/1161] INFO  c.m.s.SNMPMonitoringServer - Received health report from BTS-1:
============================================
Server Information:
============================================
Server Name: BTS-1
Server IP: 127.0.0.1
Server Port: 162
Last Update: 2025-06-10 01:39:50

System Status: CLEAR

Resource Usage:
--------------
CPU Usage: 17.23%
Memory Usage: 71.49%

Disk Status:
-----------
  

============================================
2025-06-10 01:39:50.540 [DefaultUDPTransportMapping_0.0.0.0/1161] INFO  c.m.s.DatabaseManager - Server report saved to database for server: BTS-1
2025-06-10 01:45:55.955 [main] INFO  c.m.s.SNMPClientServer - No arguments specified, using default values.
2025-06-10 01:45:57.134 [main] INFO  c.m.s.SNMPClientServer - SNMP Client Server started
2025-06-10 01:45:58.797 [pool-1-thread-1] INFO  c.m.snmpclientserver.AlertSender - Health report sent to monitoring server
2025-06-10 01:47:33.095 [main] INFO  c.m.s.SNMPClientServer - SNMP Client Server started
2025-06-10 01:47:34.847 [pool-1-thread-1] INFO  c.m.snmpclientserver.AlertSender - Health report sent to monitoring server
2025-06-10 01:52:29.786 [main] INFO  c.m.s.SNMPClientServer - SNMP Client Server started
2025-06-10 01:52:31.795 [pool-1-thread-1] INFO  c.m.snmpclientserver.AlertSender - Health report sent to monitoring server
2025-06-10 01:54:02.611 [main] INFO  c.m.s.SNMPClientServer - No arguments specified, using default values.
2025-06-10 01:54:03.564 [main] INFO  c.m.s.SNMPClientServer - SNMP Client Server started
2025-06-10 01:54:05.363 [pool-1-thread-1] INFO  c.m.snmpclientserver.AlertSender - Health report sent to monitoring server
2025-06-10 01:55:16.424 [main] INFO  c.m.s.SNMPClientServer - SNMP Client Server started
2025-06-10 01:55:18.079 [pool-1-thread-1] INFO  c.m.snmpclientserver.AlertSender - Health report sent to monitoring server
2025-06-10 01:59:34.176 [main] INFO  c.m.s.SNMPMonitoringServer - No port specified, using default port: 1161
2025-06-10 01:59:35.333 [main] INFO  c.m.s.DatabaseManager - Database initialized successfully
2025-06-10 01:59:35.420 [main] INFO  c.m.s.SNMPMonitoringServer - Starting SNMP Monitoring Server on port 1161
2025-06-10 01:59:45.259 [main] INFO  c.m.s.SNMPClientServer - No arguments specified, using default values.
2025-06-10 01:59:46.744 [main] INFO  c.m.s.SNMPClientServer - SNMP Client Server started
2025-06-10 01:59:48.553 [pool-1-thread-1] INFO  c.m.snmpclientserver.AlertSender - Health report sent to monitoring server
2025-06-10 01:59:48.567 [DefaultUDPTransportMapping_0.0.0.0/1161] INFO  c.m.s.SNMPMonitoringServer - Received health report from BTS-1:
============================================
Server Information:
============================================
Server Name: BTS-1
Server IP: 127.6.2.1
Server Port: 165
Last Update: 2025-06-10 01:59:48

System Status: CLEAR

Resource Usage:
--------------
CPU Usage: 15.86%
Memory Usage: 68.15%

Disk Status:
-----------
  

============================================
2025-06-10 01:59:48.591 [DefaultUDPTransportMapping_0.0.0.0/1161] INFO  c.m.s.DatabaseManager - Server report saved to database for server: BTS-1
2025-06-10 02:03:10.217 [Thread-0] INFO  c.m.s.DatabaseManager - Database connection closed
2025-06-10 02:03:10.217 [Thread-0] INFO  c.m.s.SNMPMonitoringServer - SNMP Monitoring Server stopped
2025-06-10 02:03:10.226 [Thread-1] INFO  c.m.s.SNMPClientServer - SNMP Client Server stopped
2025-06-10 17:32:03.565 [main] INFO  c.m.s.SNMPMonitoringServer - No port specified, using default port: 1161
2025-06-10 17:32:04.669 [main] INFO  c.m.s.DatabaseManager - Database initialized successfully
2025-06-10 17:32:04.748 [main] INFO  c.m.s.SNMPMonitoringServer - Starting SNMP Monitoring Server on port 1161
2025-06-10 17:34:58.149 [Thread-0] INFO  c.m.s.DatabaseManager - Database connection closed
2025-06-10 17:34:58.149 [Thread-0] INFO  c.m.s.SNMPMonitoringServer - SNMP Monitoring Server stopped
2025-06-10 17:36:43.602 [main] INFO  c.m.s.SNMPClientServer - SNMP Client Server started
2025-06-10 17:36:45.393 [pool-1-thread-1] INFO  c.m.snmpclientserver.AlertSender - Health report sent to monitoring server
2025-06-10 17:37:25.299 [main] INFO  c.m.s.SNMPClientServer - SNMP Client Server started
2025-06-10 17:37:27.089 [pool-1-thread-1] INFO  c.m.snmpclientserver.AlertSender - Health report sent to monitoring server
